Archive member included because of file (symbol)

c:/program files (x86)/atmel/avr studio 5.0/avr toolchain/bin/../lib/gcc/avr/4.5.1/avr5\libgcc.a(_udivmodhi4.o)
                              fuelcalc.o (__udivmodhi4)
c:/program files (x86)/atmel/avr studio 5.0/avr toolchain/bin/../lib/gcc/avr/4.5.1/avr5\libgcc.a(_divmodhi4.o)
                              helpers.o (__divmodhi4)
c:/program files (x86)/atmel/avr studio 5.0/avr toolchain/bin/../lib/gcc/avr/4.5.1/avr5\libgcc.a(_exit.o)
                              c:/program files (x86)/atmel/avr studio 5.0/avr toolchain/bin/../lib/gcc/avr/4.5.1/../../../../avr/lib/avr5/crtm328p.o (exit)
c:/program files (x86)/atmel/avr studio 5.0/avr toolchain/bin/../lib/gcc/avr/4.5.1/avr5\libgcc.a(_copy_data.o)
                              comm.o (__do_copy_data)
c:/program files (x86)/atmel/avr studio 5.0/avr toolchain/bin/../lib/gcc/avr/4.5.1/avr5\libgcc.a(_clear_bss.o)
                              actuators.o (__do_clear_bss)
c:/program files (x86)/atmel/avr studio 5.0/avr toolchain/bin/../lib/gcc/avr/4.5.1/../../../../avr/lib/avr5\libc.a(eerd_block_atmega328p.o)
                              storage.o (__eerd_block_m328p)
c:/program files (x86)/atmel/avr studio 5.0/avr toolchain/bin/../lib/gcc/avr/4.5.1/../../../../avr/lib/avr5\libc.a(eerd_byte_atmega328p.o)
                              storage.o (__eerd_byte_m328p)
c:/program files (x86)/atmel/avr studio 5.0/avr toolchain/bin/../lib/gcc/avr/4.5.1/../../../../avr/lib/avr5\libc.a(eewr_byte_atmega328p.o)
                              storage.o (__eewr_byte_m328p)

Allocating common symbols
Common symbol       size              file

engine              0xf               fuelcontrol.o
tpsaclk             0x1               fuelcalc.o
cmd_queue_head      0x1               comm.o
crank_enable_timeout
                    0x1               fuelcontrol.o
eeprom_store_idx    0x1               storage.o
cmd_queue           0x80              comm.o
alive               0x1               megasquirt.o
inj_port1           0x6               fuelcontrol.o
inj_port2           0x6               fuelcontrol.o
eeprom_store_busy   0x1               storage.o
rtc                 0x6               fuelcontrol.o
led_timeout         0x1               fuelcontrol.o
tpsaclkcmp          0x1               fuelcalc.o
asecount            0x1               fuelcalc.o
corr                0x8               fuelcalc.o
adc_sel             0x1               adc.o
step                0x6               actuators.o
egocount            0x1               fuelcalc.o
sensors             0x7               adc.o
config              0x9f              storage.o
cmd_queue_tail      0x1               comm.o

Memory Configuration

Name             Origin             Length             Attributes
text             0x00000000         0x00020000         xr
data             0x00800060         0x0000ffa0         rw !x
eeprom           0x00810000         0x00010000         rw !x
fuse             0x00820000         0x00000400         rw !x
lock             0x00830000         0x00000400         rw !x
signature        0x00840000         0x00000400         rw !x
*default*        0x00000000         0xffffffff

Linker script and memory map

Address of section .data set to 0x800100
LOAD c:/program files (x86)/atmel/avr studio 5.0/avr toolchain/bin/../lib/gcc/avr/4.5.1/../../../../avr/lib/avr5/crtm328p.o
LOAD actuators.o
LOAD adc.o
LOAD comm.o
LOAD fuelcalc.o
LOAD fuelcontrol.o
LOAD helpers.o
LOAD matfactor.o
LOAD megasquirt.o
LOAD storage.o
LOAD c:/program files (x86)/atmel/avr studio 5.0/avr toolchain/bin/../lib/gcc/avr/4.5.1/avr5\libgcc.a
LOAD c:/program files (x86)/atmel/avr studio 5.0/avr toolchain/bin/../lib/gcc/avr/4.5.1/../../../../avr/lib/avr5\libc.a
LOAD c:/program files (x86)/atmel/avr studio 5.0/avr toolchain/bin/../lib/gcc/avr/4.5.1/avr5\libgcc.a

.hash
 *(.hash)

.dynsym
 *(.dynsym)

.dynstr
 *(.dynstr)

.gnu.version
 *(.gnu.version)

.gnu.version_d
 *(.gnu.version_d)

.gnu.version_r
 *(.gnu.version_r)

.rel.init
 *(.rel.init)

.rela.init
 *(.rela.init)

.rel.text
 *(.rel.text)
 *(.rel.text.*)
 *(.rel.gnu.linkonce.t*)

.rela.text
 *(.rela.text)
 *(.rela.text.*)
 *(.rela.gnu.linkonce.t*)

.rel.fini
 *(.rel.fini)

.rela.fini
 *(.rela.fini)

.rel.rodata
 *(.rel.rodata)
 *(.rel.rodata.*)
 *(.rel.gnu.linkonce.r*)

.rela.rodata
 *(.rela.rodata)
 *(.rela.rodata.*)
 *(.rela.gnu.linkonce.r*)

.rel.data
 *(.rel.data)
 *(.rel.data.*)
 *(.rel.gnu.linkonce.d*)

.rela.data
 *(.rela.data)
 *(.rela.data.*)
 *(.rela.gnu.linkonce.d*)

.rel.ctors
 *(.rel.ctors)

.rela.ctors
 *(.rela.ctors)

.rel.dtors
 *(.rel.dtors)

.rela.dtors
 *(.rela.dtors)

.rel.got
 *(.rel.got)

.rela.got
 *(.rela.got)

.rel.bss
 *(.rel.bss)

.rela.bss
 *(.rela.bss)

.rel.plt
 *(.rel.plt)

.rela.plt
 *(.rela.plt)

.text           0x00000000     0x1904
 *(.vectors)
 .vectors       0x00000000       0x68 c:/program files (x86)/atmel/avr studio 5.0/avr toolchain/bin/../lib/gcc/avr/4.5.1/../../../../avr/lib/avr5/crtm328p.o
                0x00000000                __vector_default
                0x00000000                __vectors
 *(.vectors)
 *(.progmem.gcc*)
 .progmem.gcc_sw_table
                0x00000068       0x2c comm.o
 *(.progmem*)
 .progmem.data  0x00000094      0x300 fuelcalc.o
                0x00000094                THERMFACTOR
                0x00000194                AIRDENFACTOR
                0x00000294                KPAFACTOR4250
 .progmem.data  0x00000394      0x100 matfactor.o
                0x00000394                MATFACTOR
                0x00000494                . = ALIGN (0x2)
                0x00000494                __trampolines_start = .
 *(.trampolines)
 .trampolines   0x00000494        0x0 linker stubs
 *(.trampolines*)
                0x00000494                __trampolines_end = .
 *(.jumptables)
 *(.jumptables*)
 *(.lowtext)
 *(.lowtext*)
                0x00000494                __ctors_start = .
 *(.ctors)
                0x00000494                __ctors_end = .
                0x00000494                __dtors_start = .
 *(.dtors)
                0x00000494                __dtors_end = .
 SORT(*)(.ctors)
 SORT(*)(.dtors)
 *(.init0)
 .init0         0x00000494        0x0 c:/program files (x86)/atmel/avr studio 5.0/avr toolchain/bin/../lib/gcc/avr/4.5.1/../../../../avr/lib/avr5/crtm328p.o
                0x00000494                __init
 *(.init0)
 *(.init1)
 *(.init1)
 *(.init2)
 .init2         0x00000494        0xc c:/program files (x86)/atmel/avr studio 5.0/avr toolchain/bin/../lib/gcc/avr/4.5.1/../../../../avr/lib/avr5/crtm328p.o
 *(.init2)
 *(.init3)
 *(.init3)
 *(.init4)
 .init4         0x000004a0       0x16 c:/program files (x86)/atmel/avr studio 5.0/avr toolchain/bin/../lib/gcc/avr/4.5.1/avr5\libgcc.a(_copy_data.o)
                0x000004a0                __do_copy_data
 .init4         0x000004b6       0x10 c:/program files (x86)/atmel/avr studio 5.0/avr toolchain/bin/../lib/gcc/avr/4.5.1/avr5\libgcc.a(_clear_bss.o)
                0x000004b6                __do_clear_bss
 *(.init4)
 *(.init5)
 *(.init5)
 *(.init6)
 *(.init6)
 *(.init7)
 *(.init7)
 *(.init8)
 *(.init8)
 *(.init9)
 .init9         0x000004c6        0x8 c:/program files (x86)/atmel/avr studio 5.0/avr toolchain/bin/../lib/gcc/avr/4.5.1/../../../../avr/lib/avr5/crtm328p.o
 *(.init9)
 *(.text)
 .text          0x000004ce        0x4 c:/program files (x86)/atmel/avr studio 5.0/avr toolchain/bin/../lib/gcc/avr/4.5.1/../../../../avr/lib/avr5/crtm328p.o
                0x000004ce                __vector_24
                0x000004ce                __vector_12
                0x000004ce                __bad_interrupt
                0x000004ce                __vector_6
                0x000004ce                __vector_3
                0x000004ce                __vector_23
                0x000004ce                __vector_25
                0x000004ce                __vector_11
                0x000004ce                __vector_13
                0x000004ce                __vector_17
                0x000004ce                __vector_7
                0x000004ce                __vector_5
                0x000004ce                __vector_4
                0x000004ce                __vector_9
                0x000004ce                __vector_2
                0x000004ce                __vector_15
                0x000004ce                __vector_8
                0x000004ce                __vector_10
                0x000004ce                __vector_16
                0x000004ce                __vector_20
 .text          0x000004d2       0x7a actuators.o
                0x000004d2                coolant_fan
                0x00000500                check_fast_idle
 .text          0x0000054c       0xea adc.o
                0x0000054c                startADC
                0x0000055e                readADC
                0x0000058e                initSensors
                0x000005b0                __vector_21
 .text          0x00000636      0x3b2 comm.o
                0x00000636                codeVer
                0x0000063c                testComm
                0x00000646                sendRTvar
                0x0000073a                sendConfigVar
                0x00000746                pushfunc
                0x0000078a                storeConfigVar
                0x000007b4                comm
                0x000008b8                initUART
                0x000008d8                __vector_18
                0x00000944                __vector_19
 .text          0x000009e8      0x6c4 fuelcalc.o
                0x000009e8                init_fuelcalc
                0x00000a0c                warmup_enrich
                0x00000aee                tps_acc_enrich
                0x00000cd0                o2
                0x00000d80                ve_table_lookup
                0x00000e60                calc_total_enrichment
                0x00000f44                calc_parameters
                0x00000fae                calc_rpm
                0x00000ff2                cranking
                0x00001034                primepulse
 .text          0x000010ac      0x3ce fuelcontrol.o
                0x000010ac                __vector_14
                0x0000134a                __vector_1
 .text          0x0000147a      0x11a helpers.o
                0x0000147a                linear_interp
                0x00001502                search_table
                0x0000156c                mult_div100
 .text          0x00001594        0x0 matfactor.o
 .text          0x00001594      0x11e megasquirt.o
                0x00001594                setup
                0x00001618                main
 .text          0x000016b2      0x1b4 storage.o
                0x000016b2                loadConfig
                0x00001792                storeConfig
                0x000017ae                __vector_22
 .text          0x00001866        0x0 c:/program files (x86)/atmel/avr studio 5.0/avr toolchain/bin/../lib/gcc/avr/4.5.1/avr5\libgcc.a(_udivmodhi4.o)
 .text          0x00001866        0x0 c:/program files (x86)/atmel/avr studio 5.0/avr toolchain/bin/../lib/gcc/avr/4.5.1/avr5\libgcc.a(_divmodhi4.o)
 .text          0x00001866        0x0 c:/program files (x86)/atmel/avr studio 5.0/avr toolchain/bin/../lib/gcc/avr/4.5.1/avr5\libgcc.a(_exit.o)
 .text          0x00001866        0x0 c:/program files (x86)/atmel/avr studio 5.0/avr toolchain/bin/../lib/gcc/avr/4.5.1/avr5\libgcc.a(_copy_data.o)
 .text          0x00001866        0x0 c:/program files (x86)/atmel/avr studio 5.0/avr toolchain/bin/../lib/gcc/avr/4.5.1/avr5\libgcc.a(_clear_bss.o)
 .text          0x00001866        0x0 c:/program files (x86)/atmel/avr studio 5.0/avr toolchain/bin/../lib/gcc/avr/4.5.1/../../../../avr/lib/avr5\libc.a(eerd_block_atmega328p.o)
 .text          0x00001866        0x0 c:/program files (x86)/atmel/avr studio 5.0/avr toolchain/bin/../lib/gcc/avr/4.5.1/../../../../avr/lib/avr5\libc.a(eerd_byte_atmega328p.o)
 .text          0x00001866        0x0 c:/program files (x86)/atmel/avr studio 5.0/avr toolchain/bin/../lib/gcc/avr/4.5.1/../../../../avr/lib/avr5\libc.a(eewr_byte_atmega328p.o)
                0x00001866                . = ALIGN (0x2)
 *(.text.*)
 .text.libgcc   0x00001866       0x28 c:/program files (x86)/atmel/avr studio 5.0/avr toolchain/bin/../lib/gcc/avr/4.5.1/avr5\libgcc.a(_udivmodhi4.o)
                0x00001866                __udivmodhi4
 .text.libgcc   0x0000188e       0x26 c:/program files (x86)/atmel/avr studio 5.0/avr toolchain/bin/../lib/gcc/avr/4.5.1/avr5\libgcc.a(_divmodhi4.o)
                0x0000188e                _div
                0x0000188e                __divmodhi4
 .text.libgcc   0x000018b4        0x0 c:/program files (x86)/atmel/avr studio 5.0/avr toolchain/bin/../lib/gcc/avr/4.5.1/avr5\libgcc.a(_exit.o)
 .text.libgcc   0x000018b4        0x0 c:/program files (x86)/atmel/avr studio 5.0/avr toolchain/bin/../lib/gcc/avr/4.5.1/avr5\libgcc.a(_copy_data.o)
 .text.libgcc   0x000018b4        0x0 c:/program files (x86)/atmel/avr studio 5.0/avr toolchain/bin/../lib/gcc/avr/4.5.1/avr5\libgcc.a(_clear_bss.o)
 .text.avr-libc
                0x000018b4       0x20 c:/program files (x86)/atmel/avr studio 5.0/avr toolchain/bin/../lib/gcc/avr/4.5.1/../../../../avr/lib/avr5\libc.a(eerd_block_atmega328p.o)
                0x000018b4                __eerd_block_m328p
                0x000018b8                __eerd_blraw_m328p
 .text.avr-libc
                0x000018d4       0x10 c:/program files (x86)/atmel/avr studio 5.0/avr toolchain/bin/../lib/gcc/avr/4.5.1/../../../../avr/lib/avr5\libc.a(eerd_byte_atmega328p.o)
                0x000018d4                __eerd_byte_m328p
 .text.avr-libc
                0x000018e4       0x1c c:/program files (x86)/atmel/avr studio 5.0/avr toolchain/bin/../lib/gcc/avr/4.5.1/../../../../avr/lib/avr5\libc.a(eewr_byte_atmega328p.o)
                0x000018e4                __eewr_byte_m328p
                0x000018e6                __eewr_r18_m328p
                0x00001900                . = ALIGN (0x2)
 *(.fini9)
 .fini9         0x00001900        0x0 c:/program files (x86)/atmel/avr studio 5.0/avr toolchain/bin/../lib/gcc/avr/4.5.1/avr5\libgcc.a(_exit.o)
                0x00001900                _exit
                0x00001900                exit
 *(.fini9)
 *(.fini8)
 *(.fini8)
 *(.fini7)
 *(.fini7)
 *(.fini6)
 *(.fini6)
 *(.fini5)
 *(.fini5)
 *(.fini4)
 *(.fini4)
 *(.fini3)
 *(.fini3)
 *(.fini2)
 *(.fini2)
 *(.fini1)
 *(.fini1)
 *(.fini0)
 .fini0         0x00001900        0x4 c:/program files (x86)/atmel/avr studio 5.0/avr toolchain/bin/../lib/gcc/avr/4.5.1/avr5\libgcc.a(_exit.o)
 *(.fini0)
                0x00001904                _etext = .

.data           0x00800100        0x2 load address 0x00001904
                0x00800100                PROVIDE (__data_start, .)
 *(.data)
 .data          0x00800100        0x0 c:/program files (x86)/atmel/avr studio 5.0/avr toolchain/bin/../lib/gcc/avr/4.5.1/../../../../avr/lib/avr5/crtm328p.o
 .data          0x00800100        0x0 actuators.o
 .data          0x00800100        0x0 adc.o
 .data          0x00800100        0x0 comm.o
 .data          0x00800100        0x0 fuelcalc.o
 .data          0x00800100        0x0 fuelcontrol.o
 .data          0x00800100        0x0 helpers.o
 .data          0x00800100        0x0 matfactor.o
 .data          0x00800100        0x0 megasquirt.o
 .data          0x00800100        0x1 storage.o
                0x00800100                code_ver
 .data          0x00800101        0x0 c:/program files (x86)/atmel/avr studio 5.0/avr toolchain/bin/../lib/gcc/avr/4.5.1/avr5\libgcc.a(_udivmodhi4.o)
 .data          0x00800101        0x0 c:/program files (x86)/atmel/avr studio 5.0/avr toolchain/bin/../lib/gcc/avr/4.5.1/avr5\libgcc.a(_divmodhi4.o)
 .data          0x00800101        0x0 c:/program files (x86)/atmel/avr studio 5.0/avr toolchain/bin/../lib/gcc/avr/4.5.1/avr5\libgcc.a(_exit.o)
 .data          0x00800101        0x0 c:/program files (x86)/atmel/avr studio 5.0/avr toolchain/bin/../lib/gcc/avr/4.5.1/avr5\libgcc.a(_copy_data.o)
 .data          0x00800101        0x0 c:/program files (x86)/atmel/avr studio 5.0/avr toolchain/bin/../lib/gcc/avr/4.5.1/avr5\libgcc.a(_clear_bss.o)
 .data          0x00800101        0x0 c:/program files (x86)/atmel/avr studio 5.0/avr toolchain/bin/../lib/gcc/avr/4.5.1/../../../../avr/lib/avr5\libc.a(eerd_block_atmega328p.o)
 .data          0x00800101        0x0 c:/program files (x86)/atmel/avr studio 5.0/avr toolchain/bin/../lib/gcc/avr/4.5.1/../../../../avr/lib/avr5\libc.a(eerd_byte_atmega328p.o)
 .data          0x00800101        0x0 c:/program files (x86)/atmel/avr studio 5.0/avr toolchain/bin/../lib/gcc/avr/4.5.1/../../../../avr/lib/avr5\libc.a(eewr_byte_atmega328p.o)
 *(.data*)
 *(.rodata)
 *(.rodata*)
 *(.gnu.linkonce.d*)
                0x00800102                . = ALIGN (0x2)
 *fill*         0x00800101        0x1 00
                0x00800102                _edata = .
                0x00800102                PROVIDE (__data_end, .)

.bss            0x00800102      0x16c
                0x00800102                PROVIDE (__bss_start, .)
 *(.bss)
 .bss           0x00800102        0x0 c:/program files (x86)/atmel/avr studio 5.0/avr toolchain/bin/../lib/gcc/avr/4.5.1/../../../../avr/lib/avr5/crtm328p.o
 .bss           0x00800102        0x0 actuators.o
 .bss           0x00800102        0x6 adc.o
 .bss           0x00800108        0x2 comm.o
 .bss           0x0080010a        0x0 fuelcalc.o
 .bss           0x0080010a        0x3 fuelcontrol.o
 .bss           0x0080010d        0x0 helpers.o
 .bss           0x0080010d        0x0 matfactor.o
 .bss           0x0080010d        0x0 megasquirt.o
 .bss           0x0080010d        0x0 storage.o
 .bss           0x0080010d        0x0 c:/program files (x86)/atmel/avr studio 5.0/avr toolchain/bin/../lib/gcc/avr/4.5.1/avr5\libgcc.a(_udivmodhi4.o)
 .bss           0x0080010d        0x0 c:/program files (x86)/atmel/avr studio 5.0/avr toolchain/bin/../lib/gcc/avr/4.5.1/avr5\libgcc.a(_divmodhi4.o)
 .bss           0x0080010d        0x0 c:/program files (x86)/atmel/avr studio 5.0/avr toolchain/bin/../lib/gcc/avr/4.5.1/avr5\libgcc.a(_exit.o)
 .bss           0x0080010d        0x0 c:/program files (x86)/atmel/avr studio 5.0/avr toolchain/bin/../lib/gcc/avr/4.5.1/avr5\libgcc.a(_copy_data.o)
 .bss           0x0080010d        0x0 c:/program files (x86)/atmel/avr studio 5.0/avr toolchain/bin/../lib/gcc/avr/4.5.1/avr5\libgcc.a(_clear_bss.o)
 .bss           0x0080010d        0x0 c:/program files (x86)/atmel/avr studio 5.0/avr toolchain/bin/../lib/gcc/avr/4.5.1/../../../../avr/lib/avr5\libc.a(eerd_block_atmega328p.o)
 .bss           0x0080010d        0x0 c:/program files (x86)/atmel/avr studio 5.0/avr toolchain/bin/../lib/gcc/avr/4.5.1/../../../../avr/lib/avr5\libc.a(eerd_byte_atmega328p.o)
 .bss           0x0080010d        0x0 c:/program files (x86)/atmel/avr studio 5.0/avr toolchain/bin/../lib/gcc/avr/4.5.1/../../../../avr/lib/avr5\libc.a(eewr_byte_atmega328p.o)
 *(.bss*)
 *(COMMON)
 COMMON         0x0080010d        0x6 actuators.o
                0x0080010d                step
 COMMON         0x00800113        0x8 adc.o
                0x00800113                adc_sel
                0x00800114                sensors
 COMMON         0x0080011b       0x82 comm.o
                0x0080011b                cmd_queue_head
                0x0080011c                cmd_queue
                0x0080019c                cmd_queue_tail
 COMMON         0x0080019d        0xc fuelcalc.o
                0x0080019d                tpsaclk
                0x0080019e                tpsaclkcmp
                0x0080019f                asecount
                0x008001a0                corr
                0x008001a8                egocount
 COMMON         0x008001a9       0x23 fuelcontrol.o
                0x008001a9                engine
                0x008001b8                crank_enable_timeout
                0x008001b9                inj_port1
                0x008001bf                inj_port2
                0x008001c5                rtc
                0x008001cb                led_timeout
 COMMON         0x008001cc        0x1 megasquirt.o
                0x008001cc                alive
 COMMON         0x008001cd       0xa1 storage.o
                0x008001cd                eeprom_store_idx
                0x008001ce                eeprom_store_busy
                0x008001cf                config
                0x0080026e                PROVIDE (__bss_end, .)
                0x00001904                __data_load_start = LOADADDR (.data)
                0x00001906                __data_load_end = (__data_load_start + SIZEOF (.data))

.noinit         0x0080026e        0x0
                0x0080026e                PROVIDE (__noinit_start, .)
 *(.noinit*)
                0x0080026e                PROVIDE (__noinit_end, .)
                0x0080026e                _end = .
                0x0080026e                PROVIDE (__heap_start, .)

.eeprom         0x00810000       0x9f
 *(.eeprom*)
 .eeprom        0x00810000       0x9f storage.o
                0x00810000                config_ee
                0x0081009f                __eeprom_end = .

.fuse
 *(.fuse)
 *(.lfuse)
 *(.hfuse)
 *(.efuse)

.lock
 *(.lock*)

.signature
 *(.signature*)

.stab           0x00000000      0x948
 *(.stab)
 .stab          0x00000000      0x6cc c:/program files (x86)/atmel/avr studio 5.0/avr toolchain/bin/../lib/gcc/avr/4.5.1/../../../../avr/lib/avr5/crtm328p.o
 .stab          0x000006cc      0x108 c:/program files (x86)/atmel/avr studio 5.0/avr toolchain/bin/../lib/gcc/avr/4.5.1/../../../../avr/lib/avr5\libc.a(eerd_block_atmega328p.o)
                                0x114 (size before relaxing)
 .stab          0x000007d4       0x90 c:/program files (x86)/atmel/avr studio 5.0/avr toolchain/bin/../lib/gcc/avr/4.5.1/../../../../avr/lib/avr5\libc.a(eerd_byte_atmega328p.o)
                                 0x9c (size before relaxing)
 .stab          0x00000864       0xe4 c:/program files (x86)/atmel/avr studio 5.0/avr toolchain/bin/../lib/gcc/avr/4.5.1/../../../../avr/lib/avr5\libc.a(eewr_byte_atmega328p.o)
                                 0xf0 (size before relaxing)

.stabstr        0x00000000      0x1af
 *(.stabstr)
 .stabstr       0x00000000      0x1af c:/program files (x86)/atmel/avr studio 5.0/avr toolchain/bin/../lib/gcc/avr/4.5.1/../../../../avr/lib/avr5/crtm328p.o

.stab.excl
 *(.stab.excl)

.stab.exclstr
 *(.stab.exclstr)

.stab.index
 *(.stab.index)

.stab.indexstr
 *(.stab.indexstr)

.comment
 *(.comment)

.debug
 *(.debug)

.line
 *(.line)

.debug_srcinfo
 *(.debug_srcinfo)

.debug_sfnames
 *(.debug_sfnames)

.debug_aranges
 *(.debug_aranges)

.debug_pubnames
 *(.debug_pubnames)

.debug_info
 *(.debug_info)
 *(.gnu.linkonce.wi.*)

.debug_abbrev
 *(.debug_abbrev)

.debug_line
 *(.debug_line)

.debug_frame
 *(.debug_frame)

.debug_str
 *(.debug_str)

.debug_loc
 *(.debug_loc)

.debug_macinfo
 *(.debug_macinfo)
OUTPUT(megasquirt.elf elf32-avr)
LOAD linker stubs
